20:20:59.711174343 [2] ssp.cpp:134                  LOG_INFO      ssp4cpp.ssp.ssp SSP Imported, name: Dahlquist ssd: SystemStructure.ssd
20:20:59.711232154 [2] ssp.cpp:83                   LOG_WARNING   ssp4cpp.ssp.ssp [get_parameter_bindings] If there are internal component connected parameter sets, move these up to system level to get support
20:20:59.711239014 [2] simulation.cpp:50            LOG_INFO      ssp4sim.Simulation [Simulation] Creating simulation
20:20:59.711450816 [2] simulator.cpp:94             LOG_INFO      ssp4sim.Simulator [init] Initializing Simulator
20:20:59.711450986 [2] simulation.cpp:73            LOG_INFO      ssp4sim.Simulation [init] Initializing simulation
20:20:59.711451056 [2] simulation.cpp:75            LOG_INFO      ssp4sim.Simulation [init] - Initializing fmus
20:20:59.711451216 [2] simulation.cpp:78            LOG_INFO      ssp4sim.Simulation [init] - Creating analysis graph
20:20:59.711488016 [2] simulation.cpp:82            LOG_INFO      ssp4sim.Simulation [init] - Creating simulation graph
20:20:59.711533357 [2] simulation.cpp:91            LOG_INFO      ssp4sim.Simulation [init] - Init simulation graph
20:20:59.711545457 [2] executor_builder.cpp:41      LOG_INFO      ssp4sim.execution.Delay [build] Executor: JacobiParallelTBB
20:20:59.711550497 [2] jacobi_parallel_tbb.cpp:16   LOG_INFO      ssp4sim.execution.JacobiParallelTBB [JacobiParallelTBB] JacobiParallelTBB
20:20:59.713203424 [2] simulation.cpp:96            LOG_INFO      ssp4sim.Simulation [init] - Initializing recorder
20:20:59.713263644 [2] simulator.cpp:104            LOG_INFO      ssp4sim.Simulator [simulate] Starting Simulator
20:20:59.713264104 [2] recorder.cpp:80              LOG_INFO      ssp4sim.signal.DataRecorder [start_recording] Starting recording
20:20:59.713300194 [2] simulation.cpp:115           LOG_INFO      ssp4sim.Simulation [simulate] Starting simulation
20:20:59.740828250 [2] simulation.cpp:148           LOG_INFO      ssp4sim.Simulation [simulate] Total walltime: 0.027525616 
20:20:59.740829470 [2] recorder.cpp:88              LOG_INFO      ssp4sim.signal.DataRecorder [stop_recording] Stop recording
20:20:59.741092032 [2] simulation.cpp:161           LOG_INFO      ssp4sim.Simulation [simulate] Simulation completed
20:20:59.741092192 [2] simulation.cpp:168           LOG_INFO      ssp4sim.Simulation [simulate] Model fmu walltime: 0.001168511
20:20:59.741092292 [2] simulation.cpp:171           LOG_INFO      ssp4sim.Simulation [simulate] Model walltime: 0.001168511
